------------------------------------------------------------
TimeQuest Timing Analyzer Summary
------------------------------------------------------------

Type  : Slow Model Setup 'sampling:b2v_inst6|count[0]'
Slack : -3.851
TNS   : -70.517

Type  : Slow Model Setup 'CLOCK_50'
Slack : -2.783
TNS   : -64.505

Type  : Slow Model Setup 'GPIO0_2'
Slack : -0.881
TNS   : -4.766

Type  : Slow Model Hold 'CLOCK_50'
Slack : -2.027
TNS   : -12.053

Type  : Slow Model Hold 'sampling:b2v_inst6|count[0]'
Slack : -0.881
TNS   : -2.246

Type  : Slow Model Hold 'GPIO0_2'
Slack : 0.787
TNS   : 0.000

Type  : Slow Model Recovery 'CLOCK_50'
Slack : -2.278
TNS   : -14.416

Type  : Slow Model Recovery 'GPIO0_2'
Slack : -1.312
TNS   : -3.237

Type  : Slow Model Removal 'GPIO0_2'
Slack : -1.748
TNS   : -1.748

Type  : Slow Model Removal 'CLOCK_50'
Slack : 2.504
TNS   : 0.000

Type  : Slow Model Minimum Pulse Width 'CLOCK_50'
Slack : -1.380
TNS   : -41.380

Type  : Slow Model Minimum Pulse Width 'GPIO0_2'
Slack : -1.222
TNS   : -9.222

Type  : Slow Model Minimum Pulse Width 'sampling:b2v_inst6|count[0]'
Slack : 0.500
TNS   : 0.000

Type  : Fast Model Setup 'sampling:b2v_inst6|count[0]'
Slack : -1.752
TNS   : -28.641

Type  : Fast Model Setup 'CLOCK_50'
Slack : -0.827
TNS   : -12.991

Type  : Fast Model Setup 'GPIO0_2'
Slack : 0.114
TNS   : 0.000

Type  : Fast Model Hold 'CLOCK_50'
Slack : -1.245
TNS   : -8.356

Type  : Fast Model Hold 'sampling:b2v_inst6|count[0]'
Slack : -0.351
TNS   : -0.958

Type  : Fast Model Hold 'GPIO0_2'
Slack : 0.365
TNS   : 0.000

Type  : Fast Model Recovery 'CLOCK_50'
Slack : -0.798
TNS   : -5.621

Type  : Fast Model Recovery 'GPIO0_2'
Slack : -0.370
TNS   : -0.370

Type  : Fast Model Removal 'GPIO0_2'
Slack : -1.066
TNS   : -1.066

Type  : Fast Model Removal 'CLOCK_50'
Slack : 1.569
TNS   : 0.000

Type  : Fast Model Minimum Pulse Width 'CLOCK_50'
Slack : -1.380
TNS   : -41.380

Type  : Fast Model Minimum Pulse Width 'GPIO0_2'
Slack : -1.222
TNS   : -9.222

Type  : Fast Model Minimum Pulse Width 'sampling:b2v_inst6|count[0]'
Slack : 0.500
TNS   : 0.000

------------------------------------------------------------
